// Jest Snapshot v1, https://goo.gl/fbAQLP

exports[`ForecastDailySummaries snapshot 1`] = `
<DocumentFragment>
  <div
    class="forecast-daily-summaries"
  >
    <div
      class="forecast-daily-summary"
      data-testid="forecast-daily-summary"
    >
      <p>
        <span>
          Thu
        </span>
        <span
          class="forecast-daily-summary__line-break"
        >
           Nov 03
        </span>
      </p>
      <div
        class="forecast-daily-summary__icon"
        data-testid="forecast-icon"
      >
        <i
          class="wi wi-day-storm-showers"
          name="owm"
        />
      </div>
      <p>
        <span>
          unique1
        </span>
        <span
          class="forecast-daily-summary__line-break"
        >
          weather1
        </span>
      </p>
      <p>
        10.5°C
      </p>
      <button
        class="forecast-daily-summary__more-details"
        type="button"
      >
        More Details
      </button>
    </div>
    <div
      class="forecast-daily-summary"
      data-testid="forecast-daily-summary"
    >
      <p>
        <span>
          Tue
        </span>
        <span
          class="forecast-daily-summary__line-break"
        >
           Nov 08
        </span>
      </p>
      <div
        class="forecast-daily-summary__icon"
        data-testid="forecast-icon"
      >
        <i
          class="wi wi-day-sunny"
          name="owm"
        />
      </div>
      <p>
        <span>
          unique3
        </span>
        <span
          class="forecast-daily-summary__line-break"
        >
          weather3
        </span>
      </p>
      <p>
        12.5°C
      </p>
      <button
        class="forecast-daily-summary__more-details"
        type="button"
      >
        More Details
      </button>
    </div>
    <div
      class="forecast-daily-summary"
      data-testid="forecast-daily-summary"
    >
      <p>
        <span>
          Sun
        </span>
        <span
          class="forecast-daily-summary__line-break"
        >
           Feb 26
        </span>
      </p>
      <div
        class="forecast-daily-summary__icon"
        data-testid="forecast-icon"
      >
        <i
          class="wi wi-day-snow"
          name="owm"
        />
      </div>
      <p>
        <span>
          unique5
        </span>
        <span
          class="forecast-daily-summary__line-break"
        >
          weather5
        </span>
      </p>
      <p>
        14.5°C
      </p>
      <button
        class="forecast-daily-summary__more-details"
        type="button"
      >
        More Details
      </button>
    </div>
  </div>
</DocumentFragment>
`;
