// Jest Snapshot v1, https://goo.gl/fbAQLP

exports[`ForecastDailySummary snapshot 1`] = `
<DocumentFragment>
  <div
    class="forecast-daily-summary"
    data-testid="forecast-daily-summary"
  >
    <p>
      <span>
        Thu
      </span>
      <span
        class="forecast-daily-summary__line-break"
      >
         Jan 01
      </span>
    </p>
    <div
      class="forecast-daily-summary__icon"
      data-testid="forecast-icon"
    >
      <i
        class="wi wi-day-sunny"
        name="owm"
      />
    </div>
    <p>
      <span>
        broken
      </span>
      <span
        class="forecast-daily-summary__line-break"
      >
        clouds
      </span>
    </p>
    <p>
      20°C
    </p>
    <button
      class="forecast-daily-summary__more-details"
      type="button"
    >
      More Details
    </button>
  </div>
</DocumentFragment>
`;
